>>> add_integer = __import__('0-add_integer').add_integer

>>> add_integer(1, 2)
3

>>> add_integer(1.1, 2.2)
3

>>> add_integer("clearlynotint", 1)
Traceback (most recent call last):
    ...
TypeError: a must be an integer

>>> add_integer(1, "clearlynotint")
Traceback (most recent call last):
    ...
TypeError: b must be an integer

>>> add_integer(None)
Traceback (most recent call last):
    ...
TypeError: a must be an integer

>>> add_integer()
Traceback (most recent call last):
    ...
TypeError: add_integer() missing 1 required positional argument: 'a'

>>> add_integer(1)
99

>>> add_integer(float('inf'))
Traceback (most recent call last):
    ...
OverflowError: cannot convert float infinity to integer

>>> add_integer(float('nan'))
Traceback (most recent call last):
    ...
ValueError: cannot convert float NaN to integer
